2025-04-02 08:34:43,058 - BioGPT_Baseline - INFO - Initializing experiment: BioGPT_Baseline
2025-04-02 08:34:43,061 - BioGPT_Baseline - INFO - Random seed set to 42
2025-04-02 08:34:43,061 - BioGPT_Baseline - INFO - Initializing experiment components
2025-04-02 08:34:43,061 - BioGPT_Baseline - INFO - Initializing data loaders
2025-04-02 08:34:43,062 - BioGPT_Baseline - INFO - Initializing BioGPT model: microsoft/biogpt
2025-04-02 08:34:43,062 - BioGPT_Baseline - INFO - Initializing evaluation components
2025-04-02 08:34:43,062 - absl - INFO - Using default tokenizer.
2025-04-02 08:34:43,062 - BioGPT_Baseline - INFO - Starting experiment: BioGPT_Baseline
2025-04-02 08:34:43,064 - BioGPT_Baseline - INFO - Loading data
2025-04-02 08:34:45,480 - BioGPT_Baseline - INFO - Running evaluation on benchmark
2025-04-02 08:34:45,481 - BioGPT_Baseline - INFO - Processing batch 1/38 (0-8)
2025-04-02 08:34:52,611 - BioGPT_Baseline - INFO - Processing batch 2/38 (8-16)
2025-04-02 08:34:54,538 - BioGPT_Baseline - INFO - Processing batch 3/38 (16-24)
2025-04-02 08:34:56,222 - BioGPT_Baseline - INFO - Processing batch 4/38 (24-32)
2025-04-02 08:34:57,601 - BioGPT_Baseline - INFO - Processing batch 5/38 (32-40)
2025-04-02 08:34:59,530 - BioGPT_Baseline - INFO - Processing batch 6/38 (40-48)
2025-04-02 08:35:01,030 - BioGPT_Baseline - INFO - Processing batch 7/38 (48-56)
2025-04-02 08:35:03,296 - BioGPT_Baseline - INFO - Processing batch 8/38 (56-64)
2025-04-02 08:35:04,669 - BioGPT_Baseline - INFO - Processing batch 9/38 (64-72)
2025-04-02 08:35:05,805 - BioGPT_Baseline - INFO - Processing batch 10/38 (72-80)
2025-04-02 08:35:07,196 - BioGPT_Baseline - INFO - Processing batch 11/38 (80-88)
2025-04-02 08:35:10,197 - BioGPT_Baseline - INFO - Processing batch 12/38 (88-96)
2025-04-02 08:35:11,572 - BioGPT_Baseline - INFO - Processing batch 13/38 (96-104)
2025-04-02 08:35:13,083 - BioGPT_Baseline - INFO - Processing batch 14/38 (104-112)
2025-04-02 08:35:15,047 - BioGPT_Baseline - INFO - Processing batch 15/38 (112-120)
2025-04-02 08:35:18,135 - BioGPT_Baseline - INFO - Processing batch 16/38 (120-128)
2025-04-02 08:35:19,318 - BioGPT_Baseline - INFO - Processing batch 17/38 (128-136)
2025-04-02 08:35:20,505 - BioGPT_Baseline - INFO - Processing batch 18/38 (136-144)
2025-04-02 08:35:22,026 - BioGPT_Baseline - INFO - Processing batch 19/38 (144-152)
2025-04-02 08:35:23,399 - BioGPT_Baseline - INFO - Processing batch 20/38 (152-160)
2025-04-02 08:35:24,860 - BioGPT_Baseline - INFO - Processing batch 21/38 (160-168)
2025-04-02 08:35:26,476 - BioGPT_Baseline - INFO - Processing batch 22/38 (168-176)
2025-04-02 08:35:28,417 - BioGPT_Baseline - INFO - Processing batch 23/38 (176-184)
2025-04-02 08:35:29,690 - BioGPT_Baseline - INFO - Processing batch 24/38 (184-192)
2025-04-02 08:35:30,775 - BioGPT_Baseline - INFO - Processing batch 25/38 (192-200)
2025-04-02 08:35:32,504 - BioGPT_Baseline - INFO - Processing batch 26/38 (200-208)
2025-04-02 08:35:33,695 - BioGPT_Baseline - INFO - Processing batch 27/38 (208-216)
2025-04-02 08:35:35,370 - BioGPT_Baseline - INFO - Processing batch 28/38 (216-224)
2025-04-02 08:35:36,866 - BioGPT_Baseline - INFO - Processing batch 29/38 (224-232)
2025-04-02 08:35:38,586 - BioGPT_Baseline - INFO - Processing batch 30/38 (232-240)
2025-04-02 08:35:42,291 - BioGPT_Baseline - INFO - Processing batch 31/38 (240-248)
2025-04-02 08:35:43,758 - BioGPT_Baseline - INFO - Processing batch 32/38 (248-256)
2025-04-02 08:35:45,159 - BioGPT_Baseline - INFO - Processing batch 33/38 (256-264)
2025-04-02 08:35:46,898 - BioGPT_Baseline - INFO - Processing batch 34/38 (264-272)
2025-04-02 08:35:47,961 - BioGPT_Baseline - INFO - Processing batch 35/38 (272-280)
2025-04-02 08:35:50,545 - BioGPT_Baseline - INFO - Processing batch 36/38 (280-288)
2025-04-02 08:35:53,156 - BioGPT_Baseline - INFO - Processing batch 37/38 (288-296)
2025-04-02 08:35:54,519 - BioGPT_Baseline - INFO - Processing batch 38/38 (296-300)
2025-04-02 08:35:55,043 - BioGPT_Baseline - INFO - Calculating QA metrics
2025-04-02 08:35:55,608 - BioGPT_Baseline - INFO - Experiment completed in 72.54 seconds
2025-04-02 08:35:55,609 - BioGPT_Baseline - INFO - Results saved to /mnt/rna01/smh/projects/cs6207/privacy-preserving-biomedical-qa/results/BioGPT_Baseline
