2025-04-02 08:27:00,239 - BioGPT_Baseline - INFO - Initializing experiment: BioGPT_Baseline
2025-04-02 08:27:00,245 - BioGPT_Baseline - INFO - Random seed set to 42
2025-04-02 08:27:00,245 - BioGPT_Baseline - INFO - Initializing experiment components
2025-04-02 08:27:00,246 - BioGPT_Baseline - INFO - Initializing data loaders
2025-04-02 08:27:00,246 - BioGPT_Baseline - INFO - Initializing BioGPT model: microsoft/biogpt
2025-04-02 08:27:00,246 - BioGPT_Baseline - INFO - Initializing evaluation components
2025-04-02 08:27:00,247 - absl - INFO - Using default tokenizer.
2025-04-02 08:27:00,247 - BioGPT_Baseline - INFO - Starting experiment: BioGPT_Baseline
2025-04-02 08:27:00,248 - BioGPT_Baseline - INFO - Loading data
2025-04-02 08:27:02,670 - BioGPT_Baseline - INFO - Running evaluation on benchmark
2025-04-02 08:27:02,671 - BioGPT_Baseline - INFO - Processing batch 1/38 (0-8)
2025-04-02 08:29:24,879 - BioGPT_Baseline - INFO - Processing batch 2/38 (8-16)
2025-04-02 08:29:27,086 - BioGPT_Baseline - INFO - Processing batch 3/38 (16-24)
2025-04-02 08:29:29,025 - BioGPT_Baseline - INFO - Processing batch 4/38 (24-32)
2025-04-02 08:29:30,611 - BioGPT_Baseline - INFO - Processing batch 5/38 (32-40)
2025-04-02 08:29:32,823 - BioGPT_Baseline - INFO - Processing batch 6/38 (40-48)
2025-04-02 08:29:34,569 - BioGPT_Baseline - INFO - Processing batch 7/38 (48-56)
2025-04-02 08:29:37,136 - BioGPT_Baseline - INFO - Processing batch 8/38 (56-64)
2025-04-02 08:29:38,716 - BioGPT_Baseline - INFO - Processing batch 9/38 (64-72)
2025-04-02 08:29:40,040 - BioGPT_Baseline - INFO - Processing batch 10/38 (72-80)
2025-04-02 08:29:41,629 - BioGPT_Baseline - INFO - Processing batch 11/38 (80-88)
2025-04-02 08:29:45,107 - BioGPT_Baseline - INFO - Processing batch 12/38 (88-96)
2025-04-02 08:29:46,674 - BioGPT_Baseline - INFO - Processing batch 13/38 (96-104)
2025-04-02 08:29:48,396 - BioGPT_Baseline - INFO - Processing batch 14/38 (104-112)
2025-04-02 08:29:50,642 - BioGPT_Baseline - INFO - Processing batch 15/38 (112-120)
2025-04-02 08:29:54,192 - BioGPT_Baseline - INFO - Processing batch 16/38 (120-128)
2025-04-02 08:29:55,541 - BioGPT_Baseline - INFO - Processing batch 17/38 (128-136)
2025-04-02 08:29:56,877 - BioGPT_Baseline - INFO - Processing batch 18/38 (136-144)
2025-04-02 08:29:58,603 - BioGPT_Baseline - INFO - Processing batch 19/38 (144-152)
2025-04-02 08:30:00,171 - BioGPT_Baseline - INFO - Processing batch 20/38 (152-160)
2025-04-02 08:30:01,872 - BioGPT_Baseline - INFO - Processing batch 21/38 (160-168)
2025-04-02 08:30:03,706 - BioGPT_Baseline - INFO - Processing batch 22/38 (168-176)
2025-04-02 08:30:05,925 - BioGPT_Baseline - INFO - Processing batch 23/38 (176-184)
2025-04-02 08:30:07,361 - BioGPT_Baseline - INFO - Processing batch 24/38 (184-192)
2025-04-02 08:30:08,606 - BioGPT_Baseline - INFO - Processing batch 25/38 (192-200)
2025-04-02 08:30:10,563 - BioGPT_Baseline - INFO - Processing batch 26/38 (200-208)
2025-04-02 08:30:11,932 - BioGPT_Baseline - INFO - Processing batch 27/38 (208-216)
2025-04-02 08:30:13,827 - BioGPT_Baseline - INFO - Processing batch 28/38 (216-224)
2025-04-02 08:30:15,537 - BioGPT_Baseline - INFO - Processing batch 29/38 (224-232)
2025-04-02 08:30:17,494 - BioGPT_Baseline - INFO - Processing batch 30/38 (232-240)
2025-04-02 08:30:21,739 - BioGPT_Baseline - INFO - Processing batch 31/38 (240-248)
2025-04-02 08:30:23,340 - BioGPT_Baseline - INFO - Processing batch 32/38 (248-256)
2025-04-02 08:30:24,833 - BioGPT_Baseline - INFO - Processing batch 33/38 (256-264)
2025-04-02 08:30:26,790 - BioGPT_Baseline - INFO - Processing batch 34/38 (264-272)
2025-04-02 08:30:28,004 - BioGPT_Baseline - INFO - Processing batch 35/38 (272-280)
2025-04-02 08:30:30,987 - BioGPT_Baseline - INFO - Processing batch 36/38 (280-288)
2025-04-02 08:30:33,964 - BioGPT_Baseline - INFO - Processing batch 37/38 (288-296)
2025-04-02 08:30:35,493 - BioGPT_Baseline - INFO - Processing batch 38/38 (296-300)
2025-04-02 08:30:36,094 - BioGPT_Baseline - INFO - Calculating QA metrics
